// Jest Snapshot v1, https://goo.gl/fbAQLP

exports[`app should render an IdeaForm and a CardContainer 1`] = `
<div
  className="app"
>
  <IdeaForm
    handleNewIdea={[Function]}
  />
  <QualityFilter
    filterByQuality={[Function]}
    searchIdeas={[Function]}
  />
  <IdeaCards
    ideas={Array []}
    qualityFilter=""
    removeIdea={[Function]}
    searchValue=""
    updateIdeaQuality={[Function]}
  />
</div>
`;

exports[`app should render the whole application 1`] = `
<App>
  <div
    className="app"
  >
    <IdeaForm
      handleNewIdea={[Function]}
    >
      <form
        onSubmit={[Function]}
      >
        <h1>
          <span>
            idea
          </span>
          box
        </h1>
        <input
          aria-label="idea title input"
          className="titleInput"
          maxLength="120"
          name="title"
          onChange={[Function]}
          placeholder="Idea Title"
          type="text"
          value=""
        />
        <p>
          Characters remaining: 
          120
        </p>
        <input
          aria-label="idea body input"
          className="bodyInput"
          maxLength="120"
          name="body"
          onChange={[Function]}
          placeholder="Idea Body"
          type="text"
          value=""
        />
        <p>
          Characters remaining: 
          120
        </p>
        <button
          disabled={true}
          type="submit"
        >
          save
        </button>
      </form>
    </IdeaForm>
    <QualityFilter
      filterByQuality={[Function]}
      searchIdeas={[Function]}
    >
      <div
        className="quality-filter"
      >
        <input
          className="search"
          onChange={[Function]}
          placeholder="SEARCH"
          type="search"
        />
        <label
          htmlFor=""
        >
          <span>
            Filter by Idea Quality: 
          </span>
          <select
            className="quality-filter__select"
            name="quality"
            onChange={[Function]}
          >
            <option
              value="all"
            >
              all
            </option>
            <option
              value="swill"
            >
              swill
            </option>
            <option
              value="plausible"
            >
              plausible
            </option>
            <option
              value="genius"
            >
              genius
            </option>
          </select>
        </label>
      </div>
    </QualityFilter>
    <IdeaCards
      ideas={Array []}
      qualityFilter=""
      removeIdea={[Function]}
      searchValue=""
      updateIdeaQuality={[Function]}
    >
      <div
        className="card-container"
      />
    </IdeaCards>
  </div>
</App>
`;
