// Jest Snapshot v1, https://goo.gl/fbAQLP

exports[`app should render an IdeaForm and a CardContainer 1`] = `
<div
  className="app"
>
  <IdeaForm
    handleNewIdea={[Function]}
  />
  <CardContainer
    filterByQuality={[Function]}
    removeIdea={[Function]}
    searchIdeas={[Function]}
    updateIdeaQuality={[Function]}
    visibleIdeas={Array []}
  />
</div>
`;

exports[`app should render an IdeaForm and a CardContainer 2`] = `
<App>
  <div
    className="app"
  >
    <IdeaForm
      handleNewIdea={[Function]}
    >
      <form>
        <h1>
          <span>
            idea
          </span>
          box
        </h1>
        <input
          aria-label="idea title input"
          className="titleInput"
          onChange={[Function]}
          placeholder="Idea Title"
          type="text"
          value=""
        />
        <input
          aria-label="idea body input"
          className="bodyInput"
          onChange={[Function]}
          placeholder="Idea Body"
          type="text"
          value=""
        />
        <button
          disabled={true}
          onClick={[Function]}
          title="Save Idea"
        >
          save
        </button>
      </form>
    </IdeaForm>
    <CardContainer
      filterByQuality={[Function]}
      removeIdea={[Function]}
      searchIdeas={[Function]}
      updateIdeaQuality={[Function]}
      visibleIdeas={Array []}
    >
      <div
        className="card-container"
      >
        <input
          className="search"
          onChange={[Function]}
          placeholder="SEARCH"
          type="search"
        />
        <QualityFilter
          filterByQuality={[Function]}
        >
          <label
            className="quality-filter"
            htmlFor=""
          >
            <span>
              Filter Ideas By Quality: 
            </span>
            <select
              className="quality-filter__select"
              name="quality"
              onChange={[Function]}
            >
              <option
                value="all"
              >
                all
              </option>
              <option
                value="swill"
              >
                swill
              </option>
              <option
                value="plausible"
              >
                plausible
              </option>
              <option
                value="genius"
              >
                genius
              </option>
            </select>
          </label>
        </QualityFilter>
      </div>
    </CardContainer>
  </div>
</App>
`;
