// Jest Snapshot v1, https://goo.gl/fbAQLP

exports[`IdeaForm should render a form to obtain user input 1`] = `
<form
  onSubmit={[Function]}
>
  <h1>
    <span>
      idea
    </span>
    box
  </h1>
  <input
    aria-label="idea title input"
    className="titleInput"
    maxLength="120"
    name="title"
    onChange={[Function]}
    placeholder="Idea Title"
    type="text"
    value=""
  />
  <p>
    Characters remaining: 
    120
  </p>
  <input
    aria-label="idea body input"
    className="bodyInput"
    maxLength="120"
    name="body"
    onChange={[Function]}
    placeholder="Idea Body"
    type="text"
    value=""
  />
  <p>
    Characters remaining: 
    120
  </p>
  <button
    disabled={true}
    type="submit"
  >
    save
  </button>
</form>
`;
