// Jest Snapshot v1, https://goo.gl/fbAQLP

exports[`IdeaCards should render just the Quality Filter and search input if there are no cards to display 1`] = `
<div
  className="card-container"
/>
`;

exports[`IdeaCards should render our good friend, IdeaCards 1`] = `
<div
  className="card-container"
/>
`;
